
> ergopack-india@1.0.0 build
> next build

  Γû▓ Next.js 14.2.15

   Creating an optimized production build ...
 Γ£ô Compiled successfully
   Skipping linting
   Checking validity of types ...
node.exe : Failed to compile.
At line:1 char:1
+ & "C:\Program Files\nodejs/node.exe" 
"C:\Users\user\AppData\Roaming\n ...
+ ~~~~~~~~~~~~~~~~~~~~~~~~~~~~~~~~~~~~~~~~~~~~~~~~
~~~~~~~~~~~~~~~~~~~~~
    + CategoryInfo          : NotSpecified: (Fail 
   ed to compile.:String) [], RemoteException
    + FullyQualifiedErrorId : NativeCommandError
 

./playwright.config.ts:25:5
Type error: No overload matches this call.
  The last overload gave the following error.
    Type 'string[]' is not assignable to type 
'ReporterDescription'.
      Type 'string[]' is not assignable to type 
'readonly [string, any]'.
        Target requires 2 element(s) but source 
may have fewer.

[0m [90m 23 |[39m     
[[32m'html'[39m][33m,[39m[0m
[0m [90m 24 |[39m     
[[32m'list'[39m][33m,[39m[0m
[0m[31m[1m>[22m[39m[90m 25 |[39m     [33m.
..[39m(process[33m.[39menv[33m.[39m[33mCI[3
9m [33m?[39m [[[32m'github'[39m]] [33m:[39m 
[])[33m,[39m[0m
[0m [90m    |[39m     [31m[1m^[22m[39m[0m
[0m [90m 26 |[39m   ][33m,[39m[0m
[0m [90m 27 |[39m[0m
[0m [90m 28 |[39m   [90m/* Shared settings 
for all the projects below. See https://playwright
.dev/docs/api/class-testoptions. */[39m[0m
